// Jest Snapshot v1, https://goo.gl/fbAQLP

exports[`ListItem should render list item component 1`] = `
<TouchableOpacity
  activeOpacity={0.2}
>
  <View
    style={
      Object {
        "backgroundColor": "#E0E0E0",
        "borderColor": "#424242",
        "borderRadius": 10,
        "borderWidth": 1,
        "flexDirection": "row",
        "margin": 10,
        "padding": 10,
      }
    }
  >
    <View
      style={
        Object {
          "flex": 1,
        }
      }
    >
      <Text
        style={
          Object {
            "color": "#424242",
            "fontSize": 20,
            "marginLeft": 10,
          }
        }
      >
         
         
      </Text>
      <Text
        style={
          Object {
            "color": "#424242",
            "fontSize": 15,
            "marginLeft": 10,
          }
        }
      >
         
         
      </Text>
      <Text
        style={
          Object {
            "color": "#424242",
            "fontSize": 15,
            "marginLeft": 10,
          }
        }
      >
         
         
      </Text>
    </View>
    <Image
      source={
        Object {
          "uri": undefined,
        }
      }
      style={
        Object {
          "flexDirection": "column",
          "height": 50,
          "justifyContent": "center",
          "marginBottom": 10,
          "padding": 10,
          "width": 100,
        }
      }
    />
  </View>
</TouchableOpacity>
`;
